
> red-island-tourism@1.0.0 build
> vite build --config vite/vite.config.js

[36mvite v7.3.1 [32mbuilding client environment for production...[36m[39m
transforming...
[32mΓ£ô[39m 1 modules transformed.
node.exe : 
[31mΓ£ù[39m Build 
failed in 30ms
At line:1 char:1
+ & "C:\Program Files\
nodejs/node.exe" "C:\U
sers\Mahesa\AppData\Ro
aming ...
+ ~~~~~~~~~~~~~~~~~~~~
~~~~~~~~~~~~~~~~~~~~~~
~~~~~~~~~~~~~~~~~~~~~~
~~~~~
    + CategoryInfo    
          : NotSpeci  
  fied: ([31mΓ£ù[   
 39m Build failed     
in 30ms:String) [    
], RemoteExceptio    n
    + FullyQualifiedE 
   rrorId : NativeCo  
  mmandError
 
[31merror during 
build:
[31m[@tailwindcss/vit
e:generate:build] 
Can't resolve '@fontso
urce/inter/300.css' 
in 'C:\laragon\www\Hot
elMystique\resources\c
ss'[31m
file: [36mC:/laragon/
www/HotelMystique/reso
urces/css/app.css[31m
    at 
finishWithoutResolve (
C:\laragon\www\HotelMy
stique\node_modules\en
hanced-resolve\lib\Res
olver.js:565:18)
    at C:\laragon\www\
HotelMystique\node_mod
ules\enhanced-resolve\
lib\Resolver.js:657:14
    at C:\laragon\www\
HotelMystique\node_mod
ules\enhanced-resolve\
lib\Resolver.js:718:5
    at eval (eval at 
create (C:\laragon\www
\HotelMystique\node_mo
dules\tapable\lib\Hook
CodeFactory.js:31:10),
 <anonymous>:15:1)
    at C:\laragon\www\
HotelMystique\node_mod
ules\enhanced-resolve\
lib\Resolver.js:718:5
    at eval (eval at 
create (C:\laragon\www
\HotelMystique\node_mo
dules\tapable\lib\Hook
CodeFactory.js:31:10),
 <anonymous>:27:1)
    at C:\laragon\www\
HotelMystique\node_mod
ules\enhanced-resolve\
lib\DescriptionFilePlu
gin.js:89:43
    at C:\laragon\www\
HotelMystique\node_mod
ules\enhanced-resolve\
lib\Resolver.js:718:5
    at eval (eval at 
create (C:\laragon\www
\HotelMystique\node_mo
dules\tapable\lib\Hook
CodeFactory.js:31:10),
 <anonymous>:15:1)
    at C:\laragon\www\
HotelMystique\node_mod
ules\enhanced-resolve\
lib\Resolver.js:718:5
[39m
