
> red-island-tourism@1.0.0 build
> vite build --config vite/vite.config.js

[36mvite v7.3.1 [32mbuilding client environment for production...[36m[39m
transforming...
node.exe : 
[31mUnable to 
resolve `@import "@fon
tsource/inter/300.css"
` from C:/laragon/www/
HotelMystique/resource
s/css[39m
At line:1 char:1
+ & "C:\Program Files\
nodejs/node.exe" "C:\U
sers\Mahesa\AppData\Ro
aming ...
+ ~~~~~~~~~~~~~~~~~~~~
~~~~~~~~~~~~~~~~~~~~~~
~~~~~~~~~~~~~~~~~~~~~~
~~~~~
    + CategoryInfo    
          : NotSpeci  
  fied: ([31mUnabl   
 e to ...ources/cs    
s[39m:String) []    
, RemoteException
    + FullyQualifiedE 
   rrorId : NativeCo  
  mmandError
 
[32mΓ£ô[39m 53 modules transformed.
[31mΓ£ù[39m Build 
failed in 187ms
[31merror during 
build:
[31m[vite:css] 
[postcss] ENOENT: no 
such file or 
directory, open 'C:\la
ragon\www\HotelMystiqu
e\@fontsource\inter\30
0.css'[31m
file: [36mC:/laragon/
www/HotelMystique/reso
urces/css/app.css:unde
fined:NaN[31m
    at async open (nod
e:internal/fs/promises
:637:25)
    at async 
Object.readFile (node:
internal/fs/promises:1
269:14)
    at async 
Object.load (file:///C
:/laragon/www/HotelMys
tique/node_modules/vit
e/dist/node/chunks/con
fig.js:30091:19)
    at async 
loadImportContent (fil
e:///C:/laragon/www/Ho
telMystique/node_modul
es/vite/dist/node/chun
ks/postcss-import.js:4
01:19)
    at async 
Promise.all (index 0)
    at async 
resolveImportId (file:
///C:/laragon/www/Hote
lMystique/node_modules
/vite/dist/node/chunks
/postcss-import.js:387
:20)
    at async 
parseStyles$1 (file://
/C:/laragon/www/HotelM
ystique/node_modules/v
ite/dist/node/chunks/p
ostcss-import.js:340:4
)
    at async 
Object.Once (file:///C
:/laragon/www/HotelMys
tique/node_modules/vit
e/dist/node/chunks/pos
tcss-import.js:465:20)
    at async 
LazyResult.runAsync (C
:\laragon\www\HotelMys
tique\node_modules\pos
tcss\lib\lazy-result.j
s:293:11)
    at async 
runPostCSS (file:///C:
/laragon/www/HotelMyst
ique/node_modules/vite
/dist/node/chunks/conf
ig.js:30145:19)[39m
